PLINK v2.0.0-a.6.20LM AVX2 Intel (7 Jul 2025)
Options in effect:
  --bfile out/tmp/chr19
  --exclude out/tmp/chr19.snp_dup.txt
  --make-bed
  --out out/tmp/chr19.nodup
  --silent

Hostname: numetalhead
Working directory: /home/suraju/projects/PONG2
Start time: Wed May 13 16:37:33 2026

Random number seed: 1778690253
1547800 MiB RAM detected, ~717537 available; reserving 717473 MiB for main
workspace.
Using up to 96 threads (change this with --threads).
100 samples (0 females, 0 males, 100 ambiguous; 100 founders) loaded from
out/tmp/chr19.fam.
14989 variants loaded from out/tmp/chr19.bim.
Note: No phenotype data present.
--exclude: 14943 variants remaining.
14943 variants remaining after main filters.
Writing out/tmp/chr19.nodup.fam ... done.
Writing out/tmp/chr19.nodup.bim ... done.
Writing out/tmp/chr19.nodup.bed ... done.

End time: Wed May 13 16:37:33 2026
